[     220ms] [LOG] [Fast Refresh] rebuilding @ http://localhost:3000/_next/static/chunks/1m72_next_dist_0p5m-ep._.js:2477
[     616ms] [LOG] [Fast Refresh] done in 502ms @ http://localhost:3000/_next/static/chunks/1m72_next_dist_0p5m-ep._.js:2477
[     794ms] [INFO] %cDownload the React DevTools for a better development experience: https://react.dev/link/react-devtools font-weight:bold @ http://localhost:3000/_next/static/chunks/1m72_next_dist_0p5m-ep._.js:2477
[     841ms] [LOG] [HMR] connected @ http://localhost:3000/_next/static/chunks/1m72_next_dist_0p5m-ep._.js:2477
[    1094ms] [LOG] %c%s%c [SERVER ACTION getAllInquiriesAction] serviceKeyPresent: background: #e6e6e6;background: light-dark(rgba(0,0,0,0.1), rgba(255,255,255,0.25));color: #000000;color: light-dark(#000000, #ffffff);border-radius: 2px  Server   true ordersError: undefined inquiriesError: undefined @ http://localhost:3000/_next/static/chunks/1m72_next_dist_0p5m-ep._.js:2477
[    1096ms] [LOG] %c%s%c [SERVER ACTION getAllInquiriesAction] combinedCount: background: #e6e6e6;background: light-dark(rgba(0,0,0,0.1), rgba(255,255,255,0.25));color: #000000;color: light-dark(#000000, #ffffff);border-radius: 2px  Server   58 ordersCount: 32 inquiriesCount: 26 @ http://localhost:3000/_next/static/chunks/1m72_next_dist_0p5m-ep._.js:2477
[    1986ms] [LOG] [Fast Refresh] rebuilding @ http://localhost:3000/_next/static/chunks/1m72_next_dist_0p5m-ep._.js:2477
[    2042ms] [LOG] [Fast Refresh] done in 168ms @ http://localhost:3000/_next/static/chunks/1m72_next_dist_0p5m-ep._.js:2477
[    9843ms] [LOG] [Fast Refresh] rebuilding @ http://localhost:3000/_next/static/chunks/1m72_next_dist_0p5m-ep._.js:2477
[    9942ms] [LOG] [Fast Refresh] done in 211ms @ http://localhost:3000/_next/static/chunks/1m72_next_dist_0p5m-ep._.js:2477
[   44163ms] [LOG] [Fast Refresh] rebuilding @ http://localhost:3000/_next/static/chunks/1m72_next_dist_0p5m-ep._.js:2477
[   44707ms] [LOG] [Fast Refresh] done in 622ms @ http://localhost:3000/_next/static/chunks/1m72_next_dist_0p5m-ep._.js:2477
[   44814ms] [LOG] [Fast Refresh] rebuilding @ http://localhost:3000/_next/static/chunks/1m72_next_dist_0p5m-ep._.js:2477
[   45423ms] [LOG] %c%s%c [SERVER ACTION getAllInquiriesAction] serviceKeyPresent: background: #e6e6e6;background: light-dark(rgba(0,0,0,0.1), rgba(255,255,255,0.25));color: #000000;color: light-dark(#000000, #ffffff);border-radius: 2px  Server   true ordersError: undefined inquiriesError: undefined @ http://localhost:3000/_next/static/chunks/1m72_next_dist_0p5m-ep._.js:2477
[   45423ms] [LOG] %c%s%c [SERVER ACTION getAllInquiriesAction] combinedCount: background: #e6e6e6;background: light-dark(rgba(0,0,0,0.1), rgba(255,255,255,0.25));color: #000000;color: light-dark(#000000, #ffffff);border-radius: 2px  Server   58 ordersCount: 32 inquiriesCount: 26 @ http://localhost:3000/_next/static/chunks/1m72_next_dist_0p5m-ep._.js:2477
[   45538ms] [LOG] [Fast Refresh] done in 810ms @ http://localhost:3000/_next/static/chunks/1m72_next_dist_0p5m-ep._.js:2477
[   45833ms] [LOG] [Fast Refresh] rebuilding @ http://localhost:3000/_next/static/chunks/1m72_next_dist_0p5m-ep._.js:2477
[   46206ms] [LOG] %c%s%c [SERVER ACTION getAllInquiriesAction] serviceKeyPresent: background: #e6e6e6;background: light-dark(rgba(0,0,0,0.1), rgba(255,255,255,0.25));color: #000000;color: light-dark(#000000, #ffffff);border-radius: 2px  Server   true ordersError: undefined inquiriesError: undefined @ http://localhost:3000/_next/static/chunks/1m72_next_dist_0p5m-ep._.js:2477
[   46207ms] [LOG] %c%s%c [SERVER ACTION getAllInquiriesAction] combinedCount: background: #e6e6e6;background: light-dark(rgba(0,0,0,0.1), rgba(255,255,255,0.25));color: #000000;color: light-dark(#000000, #ffffff);border-radius: 2px  Server   58 ordersCount: 32 inquiriesCount: 26 @ http://localhost:3000/_next/static/chunks/1m72_next_dist_0p5m-ep._.js:2477
[   46208ms] [LOG] [Fast Refresh] done in 480ms @ http://localhost:3000/_next/static/chunks/1m72_next_dist_0p5m-ep._.js:2477
[   46399ms] [LOG] [Fast Refresh] rebuilding @ http://localhost:3000/_next/static/chunks/1m72_next_dist_0p5m-ep._.js:2477
[   46456ms] [LOG] %c%s%c [SERVER ACTION getAllInquiriesAction] serviceKeyPresent: background: #e6e6e6;background: light-dark(rgba(0,0,0,0.1), rgba(255,255,255,0.25));color: #000000;color: light-dark(#000000, #ffffff);border-radius: 2px  Server   true ordersError: undefined inquiriesError: undefined @ http://localhost:3000/_next/static/chunks/1m72_next_dist_0p5m-ep._.js:2477
[   46456ms] [LOG] %c%s%c [SERVER ACTION getAllInquiriesAction] combinedCount: background: #e6e6e6;background: light-dark(rgba(0,0,0,0.1), rgba(255,255,255,0.25));color: #000000;color: light-dark(#000000, #ffffff);border-radius: 2px  Server   58 ordersCount: 32 inquiriesCount: 26 @ http://localhost:3000/_next/static/chunks/1m72_next_dist_0p5m-ep._.js:2477
[   46459ms] [LOG] %c%s%c [SERVER ACTION getAllInquiriesAction] serviceKeyPresent: background: #e6e6e6;background: light-dark(rgba(0,0,0,0.1), rgba(255,255,255,0.25));color: #000000;color: light-dark(#000000, #ffffff);border-radius: 2px  Server   true ordersError: undefined inquiriesError: undefined @ http://localhost:3000/_next/static/chunks/1m72_next_dist_0p5m-ep._.js:2477
[   46460ms] [LOG] %c%s%c [SERVER ACTION getAllInquiriesAction] combinedCount: background: #e6e6e6;background: light-dark(rgba(0,0,0,0.1), rgba(255,255,255,0.25));color: #000000;color: light-dark(#000000, #ffffff);border-radius: 2px  Server   58 ordersCount: 32 inquiriesCount: 26 @ http://localhost:3000/_next/static/chunks/1m72_next_dist_0p5m-ep._.js:2477
[   46622ms] [LOG] [Fast Refresh] done in 330ms @ http://localhost:3000/_next/static/chunks/1m72_next_dist_0p5m-ep._.js:2477
[   46625ms] [LOG] %c%s%c [SERVER ACTION getAllInquiriesAction] serviceKeyPresent: background: #e6e6e6;background: light-dark(rgba(0,0,0,0.1), rgba(255,255,255,0.25));color: #000000;color: light-dark(#000000, #ffffff);border-radius: 2px  Server   true ordersError: undefined inquiriesError: undefined @ http://localhost:3000/_next/static/chunks/1m72_next_dist_0p5m-ep._.js:2477
[   46625ms] [LOG] %c%s%c [SERVER ACTION getAllInquiriesAction] combinedCount: background: #e6e6e6;background: light-dark(rgba(0,0,0,0.1), rgba(255,255,255,0.25));color: #000000;color: light-dark(#000000, #ffffff);border-radius: 2px  Server   58 ordersCount: 32 inquiriesCount: 26 @ http://localhost:3000/_next/static/chunks/1m72_next_dist_0p5m-ep._.js:2477
[   46627ms] [LOG] %c%s%c [SERVER ACTION getAllInquiriesAction] serviceKeyPresent: background: #e6e6e6;background: light-dark(rgba(0,0,0,0.1), rgba(255,255,255,0.25));color: #000000;color: light-dark(#000000, #ffffff);border-radius: 2px  Server   true ordersError: undefined inquiriesError: undefined @ http://localhost:3000/_next/static/chunks/1m72_next_dist_0p5m-ep._.js:2477
[   46627ms] [LOG] %c%s%c [SERVER ACTION getAllInquiriesAction] combinedCount: background: #e6e6e6;background: light-dark(rgba(0,0,0,0.1), rgba(255,255,255,0.25));color: #000000;color: light-dark(#000000, #ffffff);border-radius: 2px  Server   58 ordersCount: 32 inquiriesCount: 26 @ http://localhost:3000/_next/static/chunks/1m72_next_dist_0p5m-ep._.js:2477
[   46723ms] [LOG] %c%s%c [SERVER ACTION getAllInquiriesAction] serviceKeyPresent: background: #e6e6e6;background: light-dark(rgba(0,0,0,0.1), rgba(255,255,255,0.25));color: #000000;color: light-dark(#000000, #ffffff);border-radius: 2px  Server   true ordersError: undefined inquiriesError: undefined @ http://localhost:3000/_next/static/chunks/1m72_next_dist_0p5m-ep._.js:2477
[   46723ms] [LOG] %c%s%c [SERVER ACTION getAllInquiriesAction] combinedCount: background: #e6e6e6;background: light-dark(rgba(0,0,0,0.1), rgba(255,255,255,0.25));color: #000000;color: light-dark(#000000, #ffffff);border-radius: 2px  Server   58 ordersCount: 32 inquiriesCount: 26 @ http://localhost:3000/_next/static/chunks/1m72_next_dist_0p5m-ep._.js:2477
[   46866ms] [LOG] %c%s%c [SERVER ACTION getAllInquiriesAction] serviceKeyPresent: background: #e6e6e6;background: light-dark(rgba(0,0,0,0.1), rgba(255,255,255,0.25));color: #000000;color: light-dark(#000000, #ffffff);border-radius: 2px  Server   true ordersError: undefined inquiriesError: undefined @ http://localhost:3000/_next/static/chunks/1m72_next_dist_0p5m-ep._.js:2477
[   46867ms] [LOG] %c%s%c [SERVER ACTION getAllInquiriesAction] combinedCount: background: #e6e6e6;background: light-dark(rgba(0,0,0,0.1), rgba(255,255,255,0.25));color: #000000;color: light-dark(#000000, #ffffff);border-radius: 2px  Server   58 ordersCount: 32 inquiriesCount: 26 @ http://localhost:3000/_next/static/chunks/1m72_next_dist_0p5m-ep._.js:2477
[   46960ms] [LOG] %c%s%c [SERVER ACTION getAllInquiriesAction] serviceKeyPresent: background: #e6e6e6;background: light-dark(rgba(0,0,0,0.1), rgba(255,255,255,0.25));color: #000000;color: light-dark(#000000, #ffffff);border-radius: 2px  Server   true ordersError: undefined inquiriesError: undefined @ http://localhost:3000/_next/static/chunks/1m72_next_dist_0p5m-ep._.js:2477
[   46960ms] [LOG] %c%s%c [SERVER ACTION getAllInquiriesAction] combinedCount: background: #e6e6e6;background: light-dark(rgba(0,0,0,0.1), rgba(255,255,255,0.25));color: #000000;color: light-dark(#000000, #ffffff);border-radius: 2px  Server   58 ordersCount: 32 inquiriesCount: 26 @ http://localhost:3000/_next/static/chunks/1m72_next_dist_0p5m-ep._.js:2477
[  159196ms] [LOG] [Fast Refresh] rebuilding @ http://localhost:3000/_next/static/chunks/1m72_next_dist_0p5m-ep._.js:2477
[  159208ms] [LOG] [Fast Refresh] done in 120ms @ http://localhost:3000/_next/static/chunks/1m72_next_dist_0p5m-ep._.js:2477
[  184430ms] [LOG] [Fast Refresh] rebuilding @ http://localhost:3000/_next/static/chunks/1m72_next_dist_0p5m-ep._.js:2477
[  184432ms] [LOG] [Fast Refresh] done in 109ms @ http://localhost:3000/_next/static/chunks/1m72_next_dist_0p5m-ep._.js:2477
[  331724ms] [LOG] [Fast Refresh] rebuilding @ http://localhost:3000/_next/static/chunks/1m72_next_dist_0p5m-ep._.js:2477
[  331935ms] [LOG] [Fast Refresh] done in 316ms @ http://localhost:3000/_next/static/chunks/1m72_next_dist_0p5m-ep._.js:2477
[  335147ms] [LOG] [Fast Refresh] rebuilding @ http://localhost:3000/_next/static/chunks/1m72_next_dist_0p5m-ep._.js:2477
[  335430ms] [LOG] [Fast Refresh] done in 391ms @ http://localhost:3000/_next/static/chunks/1m72_next_dist_0p5m-ep._.js:2477
[  339187ms] [LOG] [Fast Refresh] rebuilding @ http://localhost:3000/_next/static/chunks/1m72_next_dist_0p5m-ep._.js:2477
[  339778ms] [LOG] [Fast Refresh] done in 692ms @ http://localhost:3000/_next/static/chunks/1m72_next_dist_0p5m-ep._.js:2477
[  341571ms] [LOG] [Fast Refresh] rebuilding @ http://localhost:3000/_next/static/chunks/1m72_next_dist_0p5m-ep._.js:2477
[  341829ms] [LOG] [Fast Refresh] done in 360ms @ http://localhost:3000/_next/static/chunks/1m72_next_dist_0p5m-ep._.js:2477
[  344234ms] [LOG] [Fast Refresh] rebuilding @ http://localhost:3000/_next/static/chunks/1m72_next_dist_0p5m-ep._.js:2477
[  344454ms] [LOG] [Fast Refresh] done in 334ms @ http://localhost:3000/_next/static/chunks/1m72_next_dist_0p5m-ep._.js:2477
[  351351ms] [LOG] [Fast Refresh] rebuilding @ http://localhost:3000/_next/static/chunks/1m72_next_dist_0p5m-ep._.js:2477
[  351787ms] [LOG] [Fast Refresh] done in 546ms @ http://localhost:3000/_next/static/chunks/1m72_next_dist_0p5m-ep._.js:2477
[  360752ms] [LOG] [Fast Refresh] rebuilding @ http://localhost:3000/_next/static/chunks/1m72_next_dist_0p5m-ep._.js:2477
[  362738ms] [LOG] [Fast Refresh] done in 2096ms @ http://localhost:3000/_next/static/chunks/1m72_next_dist_0p5m-ep._.js:2477
[  403864ms] [LOG] [Fast Refresh] rebuilding @ http://localhost:3000/_next/static/chunks/1m72_next_dist_0p5m-ep._.js:2477
[  403864ms] [LOG] [Fast Refresh] done in 103ms @ http://localhost:3000/_next/static/chunks/1m72_next_dist_0p5m-ep._.js:2477
[  407165ms] [LOG] [Fast Refresh] rebuilding @ http://localhost:3000/_next/static/chunks/1m72_next_dist_0p5m-ep._.js:2477
[  407219ms] [LOG] [Fast Refresh] done in 162ms @ http://localhost:3000/_next/static/chunks/1m72_next_dist_0p5m-ep._.js:2477
[  407637ms] [LOG] [Fast Refresh] rebuilding @ http://localhost:3000/_next/static/chunks/1m72_next_dist_0p5m-ep._.js:2477
[  407882ms] [LOG] [Fast Refresh] done in 348ms @ http://localhost:3000/_next/static/chunks/1m72_next_dist_0p5m-ep._.js:2477
[  415504ms] [LOG] [Fast Refresh] rebuilding @ http://localhost:3000/_next/static/chunks/1m72_next_dist_0p5m-ep._.js:2477
[  415895ms] [LOG] [Fast Refresh] done in 501ms @ http://localhost:3000/_next/static/chunks/1m72_next_dist_0p5m-ep._.js:2477
[  529682ms] [LOG] [Fast Refresh] rebuilding @ http://localhost:3000/_next/static/chunks/1m72_next_dist_0p5m-ep._.js:2477
[  529763ms] [LOG] [Fast Refresh] done in 188ms @ http://localhost:3000/_next/static/chunks/1m72_next_dist_0p5m-ep._.js:2477
[  655301ms] [LOG] [Fast Refresh] rebuilding @ http://localhost:3000/_next/static/chunks/1m72_next_dist_0p5m-ep._.js:2477
[  656105ms] [LOG] [Fast Refresh] done in 914ms @ http://localhost:3000/_next/static/chunks/1m72_next_dist_0p5m-ep._.js:2477
[  657035ms] [LOG] [Fast Refresh] rebuilding @ http://localhost:3000/_next/static/chunks/1m72_next_dist_0p5m-ep._.js:2477
[  657529ms] [LOG] [Fast Refresh] done in 608ms @ http://localhost:3000/_next/static/chunks/1m72_next_dist_0p5m-ep._.js:2477
[  773107ms] [LOG] [Fast Refresh] rebuilding @ http://localhost:3000/_next/static/chunks/1m72_next_dist_0p5m-ep._.js:2477
[  773529ms] [LOG] [Fast Refresh] done in 526ms @ http://localhost:3000/_next/static/chunks/1m72_next_dist_0p5m-ep._.js:2477
[  781521ms] [LOG] [Fast Refresh] rebuilding @ http://localhost:3000/_next/static/chunks/1m72_next_dist_0p5m-ep._.js:2477
[  781895ms] [LOG] [Fast Refresh] done in 486ms @ http://localhost:3000/_next/static/chunks/1m72_next_dist_0p5m-ep._.js:2477
[  783827ms] [LOG] [Fast Refresh] rebuilding @ http://localhost:3000/_next/static/chunks/1m72_next_dist_0p5m-ep._.js:2477
[  784166ms] [LOG] [Fast Refresh] done in 441ms @ http://localhost:3000/_next/static/chunks/1m72_next_dist_0p5m-ep._.js:2477
[  801243ms] [LOG] [Fast Refresh] rebuilding @ http://localhost:3000/_next/static/chunks/1m72_next_dist_0p5m-ep._.js:2477
[  801677ms] [LOG] [Fast Refresh] done in 540ms @ http://localhost:3000/_next/static/chunks/1m72_next_dist_0p5m-ep._.js:2477
[  801990ms] [LOG] [Fast Refresh] rebuilding @ http://localhost:3000/_next/static/chunks/1m72_next_dist_0p5m-ep._.js:2477
[  802306ms] [LOG] %c%s%c [SERVER ACTION getAllInquiriesAction] serviceKeyPresent: background: #e6e6e6;background: light-dark(rgba(0,0,0,0.1), rgba(255,255,255,0.25));color: #000000;color: light-dark(#000000, #ffffff);border-radius: 2px  Server   true ordersError: undefined inquiriesError: undefined @ http://localhost:3000/_next/static/chunks/1m72_next_dist_0p5m-ep._.js:2477
[  802307ms] [LOG] %c%s%c [SERVER ACTION getAllInquiriesAction] combinedCount: background: #e6e6e6;background: light-dark(rgba(0,0,0,0.1), rgba(255,255,255,0.25));color: #000000;color: light-dark(#000000, #ffffff);border-radius: 2px  Server   59 ordersCount: 33 inquiriesCount: 26 @ http://localhost:3000/_next/static/chunks/1m72_next_dist_0p5m-ep._.js:2477
[  802308ms] [LOG] [Fast Refresh] done in 431ms @ http://localhost:3000/_next/static/chunks/1m72_next_dist_0p5m-ep._.js:2477
[  803102ms] [LOG] [Fast Refresh] rebuilding @ http://localhost:3000/_next/static/chunks/1m72_next_dist_0p5m-ep._.js:2477
[  803134ms] [LOG] [Fast Refresh] done in 141ms @ http://localhost:3000/_next/static/chunks/1m72_next_dist_0p5m-ep._.js:2477
[  821829ms] [LOG] [Fast Refresh] rebuilding @ http://localhost:3000/_next/static/chunks/1m72_next_dist_0p5m-ep._.js:2477
[  822437ms] [LOG] [Fast Refresh] done in 714ms @ http://localhost:3000/_next/static/chunks/1m72_next_dist_0p5m-ep._.js:2477
[  833720ms] [LOG] [Fast Refresh] rebuilding @ http://localhost:3000/_next/static/chunks/1m72_next_dist_0p5m-ep._.js:2477
[  833781ms] [LOG] [Fast Refresh] done in 171ms @ http://localhost:3000/_next/static/chunks/1m72_next_dist_0p5m-ep._.js:2477
[  879586ms] [LOG] [Fast Refresh] rebuilding @ http://localhost:3000/_next/static/chunks/1m72_next_dist_0p5m-ep._.js:2477
[  879619ms] [LOG] [Fast Refresh] done in 142ms @ http://localhost:3000/_next/static/chunks/1m72_next_dist_0p5m-ep._.js:2477
[  965096ms] [LOG] [Fast Refresh] rebuilding @ http://localhost:3000/_next/static/chunks/1m72_next_dist_0p5m-ep._.js:2477
[  965308ms] [LOG] [Fast Refresh] done in 319ms @ http://localhost:3000/_next/static/chunks/1m72_next_dist_0p5m-ep._.js:2477
[ 1079174ms] [LOG] [Fast Refresh] rebuilding @ http://localhost:3000/_next/static/chunks/1m72_next_dist_0p5m-ep._.js:2477
[ 1079210ms] [LOG] [Fast Refresh] done in 143ms @ http://localhost:3000/_next/static/chunks/1m72_next_dist_0p5m-ep._.js:2477
[ 1086029ms] [LOG] [Fast Refresh] rebuilding @ http://localhost:3000/_next/static/chunks/1m72_next_dist_0p5m-ep._.js:2477
[ 1086030ms] [LOG] [Fast Refresh] done in 107ms @ http://localhost:3000/_next/static/chunks/1m72_next_dist_0p5m-ep._.js:2477
[ 1159646ms] [LOG] [Fast Refresh] rebuilding @ http://localhost:3000/_next/static/chunks/1m72_next_dist_0p5m-ep._.js:2477
[ 1159655ms] [LOG] [Fast Refresh] done in 110ms @ http://localhost:3000/_next/static/chunks/1m72_next_dist_0p5m-ep._.js:2477
[ 1159880ms] [LOG] [Fast Refresh] rebuilding @ http://localhost:3000/_next/static/chunks/1m72_next_dist_0p5m-ep._.js:2477
[ 1159978ms] [LOG] [Fast Refresh] done in 198ms @ http://localhost:3000/_next/static/chunks/1m72_next_dist_0p5m-ep._.js:2477
[ 1180726ms] [LOG] [Fast Refresh] rebuilding @ http://localhost:3000/_next/static/chunks/1m72_next_dist_0p5m-ep._.js:2477
[ 1182232ms] [LOG] [Fast Refresh] done in 1615ms @ http://localhost:3000/_next/static/chunks/1m72_next_dist_0p5m-ep._.js:2477
[ 1272422ms] [LOG] [Fast Refresh] rebuilding @ http://localhost:3000/_next/static/chunks/1m72_next_dist_0p5m-ep._.js:2477
[ 1272848ms] [LOG] [Fast Refresh] done in 526ms @ http://localhost:3000/_next/static/chunks/1m72_next_dist_0p5m-ep._.js:2477
[ 1273190ms] [LOG] [Fast Refresh] rebuilding @ http://localhost:3000/_next/static/chunks/1m72_next_dist_0p5m-ep._.js:2477
[ 1273481ms] [LOG] %c%s%c [SERVER ACTION getAllInquiriesAction] serviceKeyPresent: background: #e6e6e6;background: light-dark(rgba(0,0,0,0.1), rgba(255,255,255,0.25));color: #000000;color: light-dark(#000000, #ffffff);border-radius: 2px  Server   true ordersError: undefined inquiriesError: undefined @ http://localhost:3000/_next/static/chunks/1m72_next_dist_0p5m-ep._.js:2477
[ 1273481ms] [LOG] %c%s%c [SERVER ACTION getAllInquiriesAction] combinedCount: background: #e6e6e6;background: light-dark(rgba(0,0,0,0.1), rgba(255,255,255,0.25));color: #000000;color: light-dark(#000000, #ffffff);border-radius: 2px  Server   60 ordersCount: 34 inquiriesCount: 26 @ http://localhost:3000/_next/static/chunks/1m72_next_dist_0p5m-ep._.js:2477
[ 1273491ms] [LOG] [Fast Refresh] done in 407ms @ http://localhost:3000/_next/static/chunks/1m72_next_dist_0p5m-ep._.js:2477
[ 1303127ms] [LOG] [Fast Refresh] rebuilding @ http://localhost:3000/_next/static/chunks/1m72_next_dist_0p5m-ep._.js:2477
[ 1303316ms] [LOG] [Fast Refresh] done in 277ms @ http://localhost:3000/_next/static/chunks/1m72_next_dist_0p5m-ep._.js:2477
[ 1303568ms] [LOG] [Fast Refresh] rebuilding @ http://localhost:3000/_next/static/chunks/1m72_next_dist_0p5m-ep._.js:2477
[ 1303965ms] [LOG] %c%s%c [SERVER ACTION getAllInquiriesAction] serviceKeyPresent: background: #e6e6e6;background: light-dark(rgba(0,0,0,0.1), rgba(255,255,255,0.25));color: #000000;color: light-dark(#000000, #ffffff);border-radius: 2px  Server   true ordersError: undefined inquiriesError: undefined @ http://localhost:3000/_next/static/chunks/1m72_next_dist_0p5m-ep._.js:2477
[ 1303965ms] [LOG] %c%s%c [SERVER ACTION getAllInquiriesAction] combinedCount: background: #e6e6e6;background: light-dark(rgba(0,0,0,0.1), rgba(255,255,255,0.25));color: #000000;color: light-dark(#000000, #ffffff);border-radius: 2px  Server   60 ordersCount: 34 inquiriesCount: 26 @ http://localhost:3000/_next/static/chunks/1m72_next_dist_0p5m-ep._.js:2477
[ 1303966ms] [LOG] [Fast Refresh] done in 497ms @ http://localhost:3000/_next/static/chunks/1m72_next_dist_0p5m-ep._.js:2477
[ 1349308ms] [LOG] [Fast Refresh] rebuilding @ http://localhost:3000/_next/static/chunks/1m72_next_dist_0p5m-ep._.js:2477
[ 1349587ms] [LOG] [Fast Refresh] done in 383ms @ http://localhost:3000/_next/static/chunks/1m72_next_dist_0p5m-ep._.js:2477
[ 1351244ms] [LOG] [Fast Refresh] rebuilding @ http://localhost:3000/_next/static/chunks/1m72_next_dist_0p5m-ep._.js:2477
[ 1351532ms] [LOG] [Fast Refresh] done in 402ms @ http://localhost:3000/_next/static/chunks/1m72_next_dist_0p5m-ep._.js:2477
[ 1354554ms] [LOG] [Fast Refresh] rebuilding @ http://localhost:3000/_next/static/chunks/1m72_next_dist_0p5m-ep._.js:2477
[ 1354720ms] [LOG] [Fast Refresh] done in 271ms @ http://localhost:3000/_next/static/chunks/1m72_next_dist_0p5m-ep._.js:2477
[ 1359919ms] [LOG] [Fast Refresh] rebuilding @ http://localhost:3000/_next/static/chunks/1m72_next_dist_0p5m-ep._.js:2477
[ 1359967ms] [LOG] [Fast Refresh] done in 152ms @ http://localhost:3000/_next/static/chunks/1m72_next_dist_0p5m-ep._.js:2477
[ 1361887ms] [LOG] [Fast Refresh] rebuilding @ http://localhost:3000/_next/static/chunks/1m72_next_dist_0p5m-ep._.js:2477
[ 1361902ms] [LOG] [Fast Refresh] done in 121ms @ http://localhost:3000/_next/static/chunks/1m72_next_dist_0p5m-ep._.js:2477
[ 1377597ms] [LOG] [Fast Refresh] rebuilding @ http://localhost:3000/_next/static/chunks/1m72_next_dist_0p5m-ep._.js:2477
[ 1377666ms] [LOG] [Fast Refresh] done in 179ms @ http://localhost:3000/_next/static/chunks/1m72_next_dist_0p5m-ep._.js:2477
[ 1404296ms] [ERROR] WebSocket connection to 'ws://localhost:3000/_next/webpack-hmr?id=rKuT12lnkGEMN9qXwx8ll' failed: Error in connection establishment: net::ERR_CONNECTION_REFUSED @ http://localhost:3000/_next/static/chunks/1m72_next_dist_client_1kyxpd-._.js:13422
[ 1405306ms] [ERROR] WebSocket connection to 'ws://localhost:3000/_next/webpack-hmr?id=rKuT12lnkGEMN9qXwx8ll' failed: Error in connection establishment: net::ERR_CONNECTION_REFUSED @ http://localhost:3000/_next/static/chunks/1m72_next_dist_client_1kyxpd-._.js:13422
[ 1406317ms] [ERROR] WebSocket connection to 'ws://localhost:3000/_next/webpack-hmr?id=rKuT12lnkGEMN9qXwx8ll' failed: Error in connection establishment: net::ERR_CONNECTION_REFUSED @ http://localhost:3000/_next/static/chunks/1m72_next_dist_client_1kyxpd-._.js:13422
[ 1407328ms] [ERROR] WebSocket connection to 'ws://localhost:3000/_next/webpack-hmr?id=rKuT12lnkGEMN9qXwx8ll' failed: Error in connection establishment: net::ERR_CONNECTION_REFUSED @ http://localhost:3000/_next/static/chunks/1m72_next_dist_client_1kyxpd-._.js:13422
[ 1408349ms] [ERROR] WebSocket connection to 'ws://localhost:3000/_next/webpack-hmr?id=rKuT12lnkGEMN9qXwx8ll' failed: Error in connection establishment: net::ERR_CONNECTION_REFUSED @ http://localhost:3000/_next/static/chunks/1m72_next_dist_client_1kyxpd-._.js:13422
