[     151ms] [LOG] [Fast Refresh] rebuilding @ http://localhost:3000/_next/static/chunks/1m72_next_dist_0p5m-ep._.js:2477
[    1148ms] [LOG] [Fast Refresh] done in 1111ms @ http://localhost:3000/_next/static/chunks/1m72_next_dist_0p5m-ep._.js:2477
[    1245ms] [INFO] %cDownload the React DevTools for a better development experience: https://react.dev/link/react-devtools font-weight:bold @ http://localhost:3000/_next/static/chunks/1m72_next_dist_0p5m-ep._.js:2477
[    1285ms] [LOG] [HMR] connected @ http://localhost:3000/_next/static/chunks/1m72_next_dist_0p5m-ep._.js:2477
[    2409ms] [LOG] %c%s%c [SERVER ACTION getAllInquiriesAction] serviceKeyPresent: background: #e6e6e6;background: light-dark(rgba(0,0,0,0.1), rgba(255,255,255,0.25));color: #000000;color: light-dark(#000000, #ffffff);border-radius: 2px  Server   true ordersError: undefined inquiriesError: undefined @ http://localhost:3000/_next/static/chunks/1m72_next_dist_0p5m-ep._.js:2477
[    2410ms] [LOG] %c%s%c [SERVER ACTION getAllInquiriesAction] combinedCount: background: #e6e6e6;background: light-dark(rgba(0,0,0,0.1), rgba(255,255,255,0.25));color: #000000;color: light-dark(#000000, #ffffff);border-radius: 2px  Server   58 ordersCount: 32 inquiriesCount: 26 @ http://localhost:3000/_next/static/chunks/1m72_next_dist_0p5m-ep._.js:2477
[  121451ms] [LOG] [Fast Refresh] rebuilding @ http://localhost:3000/_next/static/chunks/1m72_next_dist_0p5m-ep._.js:2477
[  122398ms] [LOG] [Fast Refresh] done in 881ms @ http://localhost:3000/_next/static/chunks/1m72_next_dist_0p5m-ep._.js:2477
[  122520ms] [LOG] [Fast Refresh] rebuilding @ http://localhost:3000/_next/static/chunks/1m72_next_dist_0p5m-ep._.js:2477
[  122633ms] [LOG] [Fast Refresh] done in 219ms @ http://localhost:3000/_next/static/chunks/1m72_next_dist_0p5m-ep._.js:2477
[  122648ms] [LOG] %c%s%c [SERVER ACTION getAllInquiriesAction] serviceKeyPresent: background: #e6e6e6;background: light-dark(rgba(0,0,0,0.1), rgba(255,255,255,0.25));color: #000000;color: light-dark(#000000, #ffffff);border-radius: 2px  Server   true ordersError: undefined inquiriesError: undefined @ http://localhost:3000/_next/static/chunks/1m72_next_dist_0p5m-ep._.js:2477
[  122649ms] [LOG] %c%s%c [SERVER ACTION getAllInquiriesAction] combinedCount: background: #e6e6e6;background: light-dark(rgba(0,0,0,0.1), rgba(255,255,255,0.25));color: #000000;color: light-dark(#000000, #ffffff);border-radius: 2px  Server   58 ordersCount: 32 inquiriesCount: 26 @ http://localhost:3000/_next/static/chunks/1m72_next_dist_0p5m-ep._.js:2477
[  122805ms] [LOG] [Fast Refresh] rebuilding @ http://localhost:3000/_next/static/chunks/1m72_next_dist_0p5m-ep._.js:2477
[  122885ms] [LOG] [Fast Refresh] done in 193ms @ http://localhost:3000/_next/static/chunks/1m72_next_dist_0p5m-ep._.js:2477
[  123026ms] [LOG] [Fast Refresh] rebuilding @ http://localhost:3000/_next/static/chunks/1m72_next_dist_0p5m-ep._.js:2477
[  123075ms] [LOG] %c%s%c [SERVER ACTION getAllInquiriesAction] serviceKeyPresent: background: #e6e6e6;background: light-dark(rgba(0,0,0,0.1), rgba(255,255,255,0.25));color: #000000;color: light-dark(#000000, #ffffff);border-radius: 2px  Server   true ordersError: undefined inquiriesError: undefined @ http://localhost:3000/_next/static/chunks/1m72_next_dist_0p5m-ep._.js:2477
[  123076ms] [LOG] %c%s%c [SERVER ACTION getAllInquiriesAction] combinedCount: background: #e6e6e6;background: light-dark(rgba(0,0,0,0.1), rgba(255,255,255,0.25));color: #000000;color: light-dark(#000000, #ffffff);border-radius: 2px  Server   58 ordersCount: 32 inquiriesCount: 26 @ http://localhost:3000/_next/static/chunks/1m72_next_dist_0p5m-ep._.js:2477
[  123087ms] [LOG] [Fast Refresh] done in 163ms @ http://localhost:3000/_next/static/chunks/1m72_next_dist_0p5m-ep._.js:2477
[  123218ms] [LOG] [Fast Refresh] rebuilding @ http://localhost:3000/_next/static/chunks/1m72_next_dist_0p5m-ep._.js:2477
[  123272ms] [LOG] %c%s%c [SERVER ACTION getAllInquiriesAction] serviceKeyPresent: background: #e6e6e6;background: light-dark(rgba(0,0,0,0.1), rgba(255,255,255,0.25));color: #000000;color: light-dark(#000000, #ffffff);border-radius: 2px  Server   true ordersError: undefined inquiriesError: undefined @ http://localhost:3000/_next/static/chunks/1m72_next_dist_0p5m-ep._.js:2477
[  123273ms] [LOG] %c%s%c [SERVER ACTION getAllInquiriesAction] combinedCount: background: #e6e6e6;background: light-dark(rgba(0,0,0,0.1), rgba(255,255,255,0.25));color: #000000;color: light-dark(#000000, #ffffff);border-radius: 2px  Server   58 ordersCount: 32 inquiriesCount: 26 @ http://localhost:3000/_next/static/chunks/1m72_next_dist_0p5m-ep._.js:2477
[  123276ms] [LOG] [Fast Refresh] done in 161ms @ http://localhost:3000/_next/static/chunks/1m72_next_dist_0p5m-ep._.js:2477
[  123393ms] [LOG] %c%s%c [SERVER ACTION getAllInquiriesAction] serviceKeyPresent: background: #e6e6e6;background: light-dark(rgba(0,0,0,0.1), rgba(255,255,255,0.25));color: #000000;color: light-dark(#000000, #ffffff);border-radius: 2px  Server   true ordersError: undefined inquiriesError: undefined @ http://localhost:3000/_next/static/chunks/1m72_next_dist_0p5m-ep._.js:2477
[  123393ms] [LOG] %c%s%c [SERVER ACTION getAllInquiriesAction] combinedCount: background: #e6e6e6;background: light-dark(rgba(0,0,0,0.1), rgba(255,255,255,0.25));color: #000000;color: light-dark(#000000, #ffffff);border-radius: 2px  Server   58 ordersCount: 32 inquiriesCount: 26 @ http://localhost:3000/_next/static/chunks/1m72_next_dist_0p5m-ep._.js:2477
[  123523ms] [LOG] [Fast Refresh] rebuilding @ http://localhost:3000/_next/static/chunks/1m72_next_dist_0p5m-ep._.js:2477
[  123615ms] [LOG] [Fast Refresh] done in 195ms @ http://localhost:3000/_next/static/chunks/1m72_next_dist_0p5m-ep._.js:2477
[  123679ms] [LOG] %c%s%c [SERVER ACTION getAllInquiriesAction] serviceKeyPresent: background: #e6e6e6;background: light-dark(rgba(0,0,0,0.1), rgba(255,255,255,0.25));color: #000000;color: light-dark(#000000, #ffffff);border-radius: 2px  Server   true ordersError: undefined inquiriesError: undefined @ http://localhost:3000/_next/static/chunks/1m72_next_dist_0p5m-ep._.js:2477
[  123679ms] [LOG] %c%s%c [SERVER ACTION getAllInquiriesAction] combinedCount: background: #e6e6e6;background: light-dark(rgba(0,0,0,0.1), rgba(255,255,255,0.25));color: #000000;color: light-dark(#000000, #ffffff);border-radius: 2px  Server   58 ordersCount: 32 inquiriesCount: 26 @ http://localhost:3000/_next/static/chunks/1m72_next_dist_0p5m-ep._.js:2477
[  123681ms] [LOG] %c%s%c [SERVER ACTION getAllInquiriesAction] serviceKeyPresent: background: #e6e6e6;background: light-dark(rgba(0,0,0,0.1), rgba(255,255,255,0.25));color: #000000;color: light-dark(#000000, #ffffff);border-radius: 2px  Server   true ordersError: undefined inquiriesError: undefined @ http://localhost:3000/_next/static/chunks/1m72_next_dist_0p5m-ep._.js:2477
[  123682ms] [LOG] %c%s%c [SERVER ACTION getAllInquiriesAction] combinedCount: background: #e6e6e6;background: light-dark(rgba(0,0,0,0.1), rgba(255,255,255,0.25));color: #000000;color: light-dark(#000000, #ffffff);border-radius: 2px  Server   58 ordersCount: 32 inquiriesCount: 26 @ http://localhost:3000/_next/static/chunks/1m72_next_dist_0p5m-ep._.js:2477
[  123683ms] [LOG] %c%s%c [SERVER ACTION getAllInquiriesAction] serviceKeyPresent: background: #e6e6e6;background: light-dark(rgba(0,0,0,0.1), rgba(255,255,255,0.25));color: #000000;color: light-dark(#000000, #ffffff);border-radius: 2px  Server   true ordersError: undefined inquiriesError: undefined @ http://localhost:3000/_next/static/chunks/1m72_next_dist_0p5m-ep._.js:2477
[  123684ms] [LOG] %c%s%c [SERVER ACTION getAllInquiriesAction] combinedCount: background: #e6e6e6;background: light-dark(rgba(0,0,0,0.1), rgba(255,255,255,0.25));color: #000000;color: light-dark(#000000, #ffffff);border-radius: 2px  Server   58 ordersCount: 32 inquiriesCount: 26 @ http://localhost:3000/_next/static/chunks/1m72_next_dist_0p5m-ep._.js:2477
[  123748ms] [LOG] %c%s%c [SERVER ACTION getAllInquiriesAction] serviceKeyPresent: background: #e6e6e6;background: light-dark(rgba(0,0,0,0.1), rgba(255,255,255,0.25));color: #000000;color: light-dark(#000000, #ffffff);border-radius: 2px  Server   true ordersError: undefined inquiriesError: undefined @ http://localhost:3000/_next/static/chunks/1m72_next_dist_0p5m-ep._.js:2477
[  123748ms] [LOG] %c%s%c [SERVER ACTION getAllInquiriesAction] combinedCount: background: #e6e6e6;background: light-dark(rgba(0,0,0,0.1), rgba(255,255,255,0.25));color: #000000;color: light-dark(#000000, #ffffff);border-radius: 2px  Server   58 ordersCount: 32 inquiriesCount: 26 @ http://localhost:3000/_next/static/chunks/1m72_next_dist_0p5m-ep._.js:2477
[  123838ms] [LOG] %c%s%c [SERVER ACTION getAllInquiriesAction] serviceKeyPresent: background: #e6e6e6;background: light-dark(rgba(0,0,0,0.1), rgba(255,255,255,0.25));color: #000000;color: light-dark(#000000, #ffffff);border-radius: 2px  Server   true ordersError: undefined inquiriesError: undefined @ http://localhost:3000/_next/static/chunks/1m72_next_dist_0p5m-ep._.js:2477
[  123838ms] [LOG] %c%s%c [SERVER ACTION getAllInquiriesAction] combinedCount: background: #e6e6e6;background: light-dark(rgba(0,0,0,0.1), rgba(255,255,255,0.25));color: #000000;color: light-dark(#000000, #ffffff);border-radius: 2px  Server   58 ordersCount: 32 inquiriesCount: 26 @ http://localhost:3000/_next/static/chunks/1m72_next_dist_0p5m-ep._.js:2477
[  124094ms] [LOG] [Fast Refresh] rebuilding @ http://localhost:3000/_next/static/chunks/1m72_next_dist_0p5m-ep._.js:2477
[  124115ms] [LOG] %c%s%c [SERVER ACTION getAllInquiriesAction] serviceKeyPresent: background: #e6e6e6;background: light-dark(rgba(0,0,0,0.1), rgba(255,255,255,0.25));color: #000000;color: light-dark(#000000, #ffffff);border-radius: 2px  Server   true ordersError: undefined inquiriesError: undefined @ http://localhost:3000/_next/static/chunks/1m72_next_dist_0p5m-ep._.js:2477
[  124116ms] [LOG] %c%s%c [SERVER ACTION getAllInquiriesAction] combinedCount: background: #e6e6e6;background: light-dark(rgba(0,0,0,0.1), rgba(255,255,255,0.25));color: #000000;color: light-dark(#000000, #ffffff);border-radius: 2px  Server   58 ordersCount: 32 inquiriesCount: 26 @ http://localhost:3000/_next/static/chunks/1m72_next_dist_0p5m-ep._.js:2477
[  124142ms] [LOG] [Fast Refresh] done in 157ms @ http://localhost:3000/_next/static/chunks/1m72_next_dist_0p5m-ep._.js:2477
[  124352ms] [LOG] [Fast Refresh] rebuilding @ http://localhost:3000/_next/static/chunks/1m72_next_dist_0p5m-ep._.js:2477
[  124364ms] [LOG] %c%s%c [SERVER ACTION getAllInquiriesAction] serviceKeyPresent: background: #e6e6e6;background: light-dark(rgba(0,0,0,0.1), rgba(255,255,255,0.25));color: #000000;color: light-dark(#000000, #ffffff);border-radius: 2px  Server   true ordersError: undefined inquiriesError: undefined @ http://localhost:3000/_next/static/chunks/1m72_next_dist_0p5m-ep._.js:2477
[  124365ms] [LOG] %c%s%c [SERVER ACTION getAllInquiriesAction] combinedCount: background: #e6e6e6;background: light-dark(rgba(0,0,0,0.1), rgba(255,255,255,0.25));color: #000000;color: light-dark(#000000, #ffffff);border-radius: 2px  Server   58 ordersCount: 32 inquiriesCount: 26 @ http://localhost:3000/_next/static/chunks/1m72_next_dist_0p5m-ep._.js:2477
[  124675ms] [LOG] [Fast Refresh] done in 435ms @ http://localhost:3000/_next/static/chunks/1m72_next_dist_0p5m-ep._.js:2477
[  124679ms] [LOG] %c%s%c [SERVER ACTION getAllInquiriesAction] serviceKeyPresent: background: #e6e6e6;background: light-dark(rgba(0,0,0,0.1), rgba(255,255,255,0.25));color: #000000;color: light-dark(#000000, #ffffff);border-radius: 2px  Server   true ordersError: undefined inquiriesError: undefined @ http://localhost:3000/_next/static/chunks/1m72_next_dist_0p5m-ep._.js:2477
[  124680ms] [LOG] %c%s%c [SERVER ACTION getAllInquiriesAction] combinedCount: background: #e6e6e6;background: light-dark(rgba(0,0,0,0.1), rgba(255,255,255,0.25));color: #000000;color: light-dark(#000000, #ffffff);border-radius: 2px  Server   58 ordersCount: 32 inquiriesCount: 26 @ http://localhost:3000/_next/static/chunks/1m72_next_dist_0p5m-ep._.js:2477
[  124681ms] [LOG] %c%s%c [SERVER ACTION getAllInquiriesAction] serviceKeyPresent: background: #e6e6e6;background: light-dark(rgba(0,0,0,0.1), rgba(255,255,255,0.25));color: #000000;color: light-dark(#000000, #ffffff);border-radius: 2px  Server   true ordersError: undefined inquiriesError: undefined @ http://localhost:3000/_next/static/chunks/1m72_next_dist_0p5m-ep._.js:2477
[  124681ms] [LOG] %c%s%c [SERVER ACTION getAllInquiriesAction] combinedCount: background: #e6e6e6;background: light-dark(rgba(0,0,0,0.1), rgba(255,255,255,0.25));color: #000000;color: light-dark(#000000, #ffffff);border-radius: 2px  Server   58 ordersCount: 32 inquiriesCount: 26 @ http://localhost:3000/_next/static/chunks/1m72_next_dist_0p5m-ep._.js:2477
[  124683ms] [LOG] %c%s%c [SERVER ACTION getAllInquiriesAction] serviceKeyPresent: background: #e6e6e6;background: light-dark(rgba(0,0,0,0.1), rgba(255,255,255,0.25));color: #000000;color: light-dark(#000000, #ffffff);border-radius: 2px  Server   true ordersError: undefined inquiriesError: undefined @ http://localhost:3000/_next/static/chunks/1m72_next_dist_0p5m-ep._.js:2477
[  124683ms] [LOG] %c%s%c [SERVER ACTION getAllInquiriesAction] combinedCount: background: #e6e6e6;background: light-dark(rgba(0,0,0,0.1), rgba(255,255,255,0.25));color: #000000;color: light-dark(#000000, #ffffff);border-radius: 2px  Server   58 ordersCount: 32 inquiriesCount: 26 @ http://localhost:3000/_next/static/chunks/1m72_next_dist_0p5m-ep._.js:2477
[  124803ms] [LOG] [Fast Refresh] rebuilding @ http://localhost:3000/_next/static/chunks/1m72_next_dist_0p5m-ep._.js:2477
[  124826ms] [LOG] %c%s%c [SERVER ACTION getAllInquiriesAction] serviceKeyPresent: background: #e6e6e6;background: light-dark(rgba(0,0,0,0.1), rgba(255,255,255,0.25));color: #000000;color: light-dark(#000000, #ffffff);border-radius: 2px  Server   true ordersError: undefined inquiriesError: undefined @ http://localhost:3000/_next/static/chunks/1m72_next_dist_0p5m-ep._.js:2477
[  124826ms] [LOG] %c%s%c [SERVER ACTION getAllInquiriesAction] combinedCount: background: #e6e6e6;background: light-dark(rgba(0,0,0,0.1), rgba(255,255,255,0.25));color: #000000;color: light-dark(#000000, #ffffff);border-radius: 2px  Server   58 ordersCount: 32 inquiriesCount: 26 @ http://localhost:3000/_next/static/chunks/1m72_next_dist_0p5m-ep._.js:2477
[  125210ms] [LOG] [Fast Refresh] done in 508ms @ http://localhost:3000/_next/static/chunks/1m72_next_dist_0p5m-ep._.js:2477
[  125367ms] [LOG] %c%s%c [SERVER ACTION getAllInquiriesAction] serviceKeyPresent: background: #e6e6e6;background: light-dark(rgba(0,0,0,0.1), rgba(255,255,255,0.25));color: #000000;color: light-dark(#000000, #ffffff);border-radius: 2px  Server   true ordersError: undefined inquiriesError: undefined @ http://localhost:3000/_next/static/chunks/1m72_next_dist_0p5m-ep._.js:2477
[  125367ms] [LOG] %c%s%c [SERVER ACTION getAllInquiriesAction] combinedCount: background: #e6e6e6;background: light-dark(rgba(0,0,0,0.1), rgba(255,255,255,0.25));color: #000000;color: light-dark(#000000, #ffffff);border-radius: 2px  Server   58 ordersCount: 32 inquiriesCount: 26 @ http://localhost:3000/_next/static/chunks/1m72_next_dist_0p5m-ep._.js:2477
[  125503ms] [LOG] %c%s%c [SERVER ACTION getAllInquiriesAction] serviceKeyPresent: background: #e6e6e6;background: light-dark(rgba(0,0,0,0.1), rgba(255,255,255,0.25));color: #000000;color: light-dark(#000000, #ffffff);border-radius: 2px  Server   true ordersError: undefined inquiriesError: undefined @ http://localhost:3000/_next/static/chunks/1m72_next_dist_0p5m-ep._.js:2477
[  125503ms] [LOG] %c%s%c [SERVER ACTION getAllInquiriesAction] combinedCount: background: #e6e6e6;background: light-dark(rgba(0,0,0,0.1), rgba(255,255,255,0.25));color: #000000;color: light-dark(#000000, #ffffff);border-radius: 2px  Server   58 ordersCount: 32 inquiriesCount: 26 @ http://localhost:3000/_next/static/chunks/1m72_next_dist_0p5m-ep._.js:2477
[  125508ms] [LOG] [Fast Refresh] rebuilding @ http://localhost:3000/_next/static/chunks/1m72_next_dist_0p5m-ep._.js:2477
[  125645ms] [LOG] [Fast Refresh] done in 239ms @ http://localhost:3000/_next/static/chunks/1m72_next_dist_0p5m-ep._.js:2477
[  125648ms] [LOG] %c%s%c [SERVER ACTION getAllInquiriesAction] serviceKeyPresent: background: #e6e6e6;background: light-dark(rgba(0,0,0,0.1), rgba(255,255,255,0.25));color: #000000;color: light-dark(#000000, #ffffff);border-radius: 2px  Server   true ordersError: undefined inquiriesError: undefined @ http://localhost:3000/_next/static/chunks/1m72_next_dist_0p5m-ep._.js:2477
[  125649ms] [LOG] %c%s%c [SERVER ACTION getAllInquiriesAction] combinedCount: background: #e6e6e6;background: light-dark(rgba(0,0,0,0.1), rgba(255,255,255,0.25));color: #000000;color: light-dark(#000000, #ffffff);border-radius: 2px  Server   58 ordersCount: 32 inquiriesCount: 26 @ http://localhost:3000/_next/static/chunks/1m72_next_dist_0p5m-ep._.js:2477
[  125652ms] [LOG] %c%s%c [SERVER ACTION getAllInquiriesAction] serviceKeyPresent: background: #e6e6e6;background: light-dark(rgba(0,0,0,0.1), rgba(255,255,255,0.25));color: #000000;color: light-dark(#000000, #ffffff);border-radius: 2px  Server   true ordersError: undefined inquiriesError: undefined @ http://localhost:3000/_next/static/chunks/1m72_next_dist_0p5m-ep._.js:2477
[  125653ms] [LOG] %c%s%c [SERVER ACTION getAllInquiriesAction] combinedCount: background: #e6e6e6;background: light-dark(rgba(0,0,0,0.1), rgba(255,255,255,0.25));color: #000000;color: light-dark(#000000, #ffffff);border-radius: 2px  Server   58 ordersCount: 32 inquiriesCount: 26 @ http://localhost:3000/_next/static/chunks/1m72_next_dist_0p5m-ep._.js:2477
[  125736ms] [LOG] %c%s%c [SERVER ACTION getAllInquiriesAction] serviceKeyPresent: background: #e6e6e6;background: light-dark(rgba(0,0,0,0.1), rgba(255,255,255,0.25));color: #000000;color: light-dark(#000000, #ffffff);border-radius: 2px  Server   true ordersError: undefined inquiriesError: undefined @ http://localhost:3000/_next/static/chunks/1m72_next_dist_0p5m-ep._.js:2477
[  125736ms] [LOG] %c%s%c [SERVER ACTION getAllInquiriesAction] combinedCount: background: #e6e6e6;background: light-dark(rgba(0,0,0,0.1), rgba(255,255,255,0.25));color: #000000;color: light-dark(#000000, #ffffff);border-radius: 2px  Server   58 ordersCount: 32 inquiriesCount: 26 @ http://localhost:3000/_next/static/chunks/1m72_next_dist_0p5m-ep._.js:2477
[  125863ms] [LOG] %c%s%c [SERVER ACTION getAllInquiriesAction] serviceKeyPresent: background: #e6e6e6;background: light-dark(rgba(0,0,0,0.1), rgba(255,255,255,0.25));color: #000000;color: light-dark(#000000, #ffffff);border-radius: 2px  Server   true ordersError: undefined inquiriesError: undefined @ http://localhost:3000/_next/static/chunks/1m72_next_dist_0p5m-ep._.js:2477
[  125863ms] [LOG] %c%s%c [SERVER ACTION getAllInquiriesAction] combinedCount: background: #e6e6e6;background: light-dark(rgba(0,0,0,0.1), rgba(255,255,255,0.25));color: #000000;color: light-dark(#000000, #ffffff);border-radius: 2px  Server   58 ordersCount: 32 inquiriesCount: 26 @ http://localhost:3000/_next/static/chunks/1m72_next_dist_0p5m-ep._.js:2477
